[?25l[?2004h  [104m [0m[93;104mWorkflows[0m[104m [0m                                                                                                           
                                                                                                                        
  [90m[90mNo items[0m                                                                                                              
                                                                                                                        
[90mNo items.[0m                                                                                                               
                                                                                                                        
                                                                                                                        
                                                                                                                        
                                                                                                                        
                                                                                                                        
                                                                                                                        
                                                                                                                        
                                                                                                                        
                                                                                                                        
                                                                                                                        
                                                                                                                        
                                                                                                                        
                                                                                                                        
                                                                                                                        
                                                                                                                        
                                                                                                                        
                                                                                                                        
                                                                                                                        
                                                                                                                        
                                                                                                                        
                                                                                                                        
                                                                                                                        
                                                                                                                        
                                                                                                                        
                                                                                                                        
                                                                                                                        
                                                                                                                        
                                                                                                                        
                                                                                                                        
                                                                                                                        
                                                                                                                        
                                                                                                                        
                                                                                               [90mAdded: a long while ago[0m  
                                                                                                        [90mUpdated: never[0m  
  [90mctrl+h[0m [90mtoggle help â€¢ ctrl+c[0m [90mquit[0m                                                                                      [120D[2K[?2004l[?25h[?1002l[?1003l[?1006l